// Jest Snapshot v1, https://goo.gl/fbAQLP

exports[`example should be matched snapshot 1`] = `
<DocumentFragment>
  <a
    href="https://twitter.com/TwitterJP"
    rel="noopener"
    target="_blank"
  >
    <img
      alt="Twitter"
      class="animate-up-down-up hover:animation-paused"
      decoding="async"
      height="128"
      loading="lazy"
      src="@web-components/assets/brand/github/black.svg"
      width="128"
    />
  </a>
</DocumentFragment>
`;
