// Jest Snapshot v1, https://goo.gl/fbAQLP

exports[`ListLinkIncludedImage should be matched snapshot 1`] = `
<DocumentFragment>
  <ul
    class="grid grid-cols-2 place-items-center"
  >
    <li>
      <a
        href="https://twitter.com/TwitterJP"
        rel="noopener"
        target="_blank"
      >
        <img
          alt="Twitter"
          class="animate-up-down-up hover:animation-paused"
          decoding="async"
          height="128"
          loading="lazy"
          src="@web-components/assets/brand/twitter/blue.svg"
          width="128"
        />
      </a>
    </li>
    <li>
      <a
        href="https://github.com/github"
        rel="noopener"
        target="_blank"
      >
        <img
          alt="GitHub"
          class="animate-down-up-down hover:animation-paused"
          decoding="async"
          height="128"
          loading="lazy"
          src="@web-components/assets/brand/github/black.svg"
          width="128"
        />
      </a>
    </li>
  </ul>
</DocumentFragment>
`;
