// Jest Snapshot v1, https://goo.gl/fbAQLP

exports[`example should be matched snapshot 1`] = `
<DocumentFragment>
  <div>
    <div
      class="flex flex-col items-center justify-center w-full p-10 font-bold break-all text-7xl lg:text-9xl after:block after:w-full after:h-1 after:bg-red-100"
    >
      snap shot title
    </div>
    <button
      class="font-sans font-bold border-0 rounded-[3em] cursor-pointer inline-block leading-none text-base py-[11px] px-[20px] text-[#333] bg-transparent shadow-md"
      type="button"
    >
      snap shot label
    </button>
  </div>
</DocumentFragment>
`;
